// Jest Snapshot v1, https://goo.gl/fbAQLP

exports[`<Main /> should render 1`] = `
<div>
  <main>
    <h1>
      boilerplate first test
    </h1>
  </main>
</div>
`;
